
================================================================================
  PHASE 2.5: NPS + Eval Benchmark
  Engines: v403-TB, v403-noTB
  Positions: 10  (filtered by --phase ['Opening'])
  Depth: 12 (forced on every position)
================================================================================

  [ 1/10] Opening: Startpos
         TB:  1,862,545 nps  score=    33cp  nodes= 1,441,610  tbhits=     0  eval=✅
       noTB:  1,843,491 nps  score=    33cp  nodes= 1,441,610

  [ 2/10] Opening: Sicilian
         TB:  1,855,055 nps  score=    40cp  nodes=   502,720  tbhits=     0  eval=✅
       noTB:  1,861,925 nps  score=    40cp  nodes=   502,720

  [ 3/10] Opening: French
         TB:  1,764,577 nps  score=    54cp  nodes=   727,006  tbhits=     0  eval=❌ (54cp)
       noTB:  1,702,590 nps  score=    54cp  nodes=   727,006

  [ 4/10] Opening: Queen's Gambit
         TB:  1,651,001 nps  score=    39cp  nodes=   964,185  tbhits=     0  eval=✅
       noTB:  1,662,387 nps  score=    39cp  nodes=   964,185

  [ 5/10] Opening: King's Indian
         TB:  1,892,836 nps  score=    72cp  nodes=   441,031  tbhits=     0  eval=❌ (72cp)
       noTB:  1,900,995 nps  score=    72cp  nodes=   441,031

  [ 6/10] Opening: Ruy Lopez
         TB:  1,814,083 nps  score=    12cp  nodes=   567,808  tbhits=     0  eval=✅
       noTB:  1,665,126 nps  score=    12cp  nodes=   567,808

  [ 7/10] Opening: Italian
         TB:  1,726,590 nps  score=    24cp  nodes=   645,745  tbhits=     0  eval=✅
       noTB:  1,803,756 nps  score=    24cp  nodes=   645,745

  [ 8/10] Opening: Caro-Kann
         TB:  2,040,093 nps  score=    52cp  nodes=   350,896  tbhits=     0  eval=❌ (52cp)
       noTB:  1,982,463 nps  score=    52cp  nodes=   350,896

  [ 9/10] Opening: Scotch
         TB:  1,558,659 nps  score=    64cp  nodes=   439,542  tbhits=     0  eval=❌ (64cp)
       noTB:  1,610,043 nps  score=    64cp  nodes=   439,542

  [10/10] Opening: English
         TB:  1,806,036 nps  score=    21cp  nodes=   883,152  tbhits=     0  eval=✅
       noTB:  1,780,548 nps  score=    21cp  nodes=   883,152


================================================================================
  SUMMARY
================================================================================

  --- Opening+Middle (10 pos) ---
    v403-TB     : avg NPS =    1,797,148 (10 pos)
    v403-noTB   : avg NPS =    1,781,332 (10 pos)

  --- All positions (10 pos) ---
    v403-TB     : avg NPS =    1,797,148 (10 pos)
    v403-noTB   : avg NPS =    1,781,332 (10 pos)

  ❌ EVAL SANITY FAILURES (4):
    - Opening: French: expected ~0, got 54cp
    - Opening: King's Indian: expected ~0, got 72cp
    - Opening: Caro-Kann: expected ~0, got 52cp
    - Opening: Scotch: expected ~0, got 64cp

================================================================================

